<html>
<body>
<pre>
<h1>µVision Build Log</h1>
<h2>Tool Versions:</h2>
IDE-Version: £gVision V5.28.0.0
Copyright (C) 2019 ARM Ltd and ARM Germany GmbH. All rights reserved.
License Information: admin admin admin Flex license: MDK Professional 5.28 (Flex) (mdk_pro) Support: May 2024
 
Tool Versions:
Toolchain:       MDK Professional 5.28 (Flex)  Version: 5.28.0.0
Toolchain Path:  C:\Keil_v5\ARM\ARMCC\Bin
C Compiler:      Armcc.exe V5.06 update 6 (build 750)
Assembler:       Armasm.exe V5.06 update 6 (build 750)
Linker/Locator:  ArmLink.exe V5.06 update 6 (build 750)
Library Manager: ArmAr.exe V5.06 update 6 (build 750)
Hex Converter:   FromElf.exe V5.06 update 6 (build 750)
CPU DLL:         SARMCM3.DLL V5.28.0.0
Dialog DLL:      DARMCM1.DLL V1.19.2.0
Target DLL:      Nu_Link.dll V3.12
Dialog DLL:      TARMCM1.DLL V1.14.1.0
 
<h2>Project:</h2>
D:\SourceCode\_Avery_M480\M480BSP_FormatConvert\SampleCode\Template\Keil\Template.uvproj
Project File Date:  09/11/2023

<h2>Output:</h2>
*** Using Compiler 'V5.06 update 6 (build 750)', folder: 'C:\Keil_v5\ARM\ARMCC\Bin'
Rebuild target 'Project_BANK1'
assembling startup_M480.s...
creating preprocessor file for retarget.c...
creating preprocessor file for system_M480.c...
creating preprocessor file for uart.c...
creating preprocessor file for sys.c...
creating preprocessor file for clk.c...
creating preprocessor file for gpio.c...
creating preprocessor file for timer.c...
compiling system_M480.c...
compiling retarget.c...
compiling uart.c...
creating preprocessor file for fmc.c...
creating preprocessor file for main.c...
compiling sys.c...
compiling gpio.c...
creating preprocessor file for misc_config.c...
compiling clk.c...
compiling timer.c...
compiling misc_config.c...
compiling fmc.c...
compiling main.c...
linking...
Program Size: Code=6140 RO-data=628 RW-data=76 ZI-data=2052  
FromELF: creating hex file...
After Build - User command #1: fromelf --bin ".\obj\bank1.axf" --output ".\obj\bank1.bin"
After Build - User command #2: fromelf --text -c ".\obj\bank1.axf" --output ".\obj\bank1.txt"
".\obj\bank1.axf" - 0 Error(s), 0 Warning(s).
Build Time Elapsed:  00:00:06
</pre>
</body>
</html>
